../Core/Src/stm32l4xx_it.c:55:6:prvGetRegistersFromStack	48	static
../Core/Src/stm32l4xx_it.c:109:6:NMI_Handler	4	static
../Core/Src/stm32l4xx_it.c:124:6:HardFault_Handler	4	static,ignoring_inline_asm
../Core/Src/stm32l4xx_it.c:150:6:MemManage_Handler	4	static
../Core/Src/stm32l4xx_it.c:165:6:BusFault_Handler	4	static
../Core/Src/stm32l4xx_it.c:180:6:UsageFault_Handler	4	static
../Core/Src/stm32l4xx_it.c:195:6:DebugMon_Handler	4	static
../Core/Src/stm32l4xx_it.c:215:6:TIM8_CC_IRQHandler	8	static
